// Jest Snapshot v1, https://goo.gl/fbAQLP

exports[`Factory #createPool gas 1`] = `4557092`;

exports[`Factory factory bytecode size 1`] = `24535`;

exports[`Factory pool bytecode size 1`] = `22142`;
